# Para pruebas de logs y demás